// Jest Snapshot v1, https://goo.gl/fbAQLP

exports[`CabCard renders correctly 1`] = `
<div
  className="makeStyles-container-1"
>
  <div
    className="MuiGrid-root MuiGrid-container MuiGrid-direction-xs-column css-1vpwcmr-MuiGrid-root"
  >
    <div
      className="MuiGrid-root MuiGrid-item makeStyles-container2-2 css-13i4rnv-MuiGrid-root"
    >
      <div
        className="MuiGrid-root MuiGrid-container css-11lq3yg-MuiGrid-root"
      >
        <div
          className="MuiGrid-root MuiGrid-item css-13i4rnv-MuiGrid-root"
        >
          <svg
            aria-hidden={true}
            className="MuiSvgIcon-root MuiSvgIcon-fontSizeMedium css-i4bv87-MuiSvgIcon-root"
            data-testid="SVGIcon"
            focusable="false"
          >
            back.svg
          </svg>
        </div>
        <div
          className="MuiGrid-root MuiGrid-item makeStyles-pad1-5 css-13i4rnv-MuiGrid-root"
        >
          <p
            className="MuiTypography-root MuiTypography-body1 css-ahj2mt-MuiTypography-root"
          >
            Common Routes
          </p>
        </div>
      </div>
    </div>
    <div
      className="MuiGrid-root MuiGrid-item css-13i4rnv-MuiGrid-root"
    >
      <div
        className="MuiGrid-root MuiGrid-container MuiGrid-direction-xs-column makeStyles-container5-9 css-1vpwcmr-MuiGrid-root"
      >
        <div
          className="MuiGrid-root MuiGrid-item css-13i4rnv-MuiGrid-root"
        >
          <div
            className="MuiGrid-root MuiGrid-container makeStyles-container6-10 css-11lq3yg-MuiGrid-root"
          >
            <div
              className="MuiGrid-root MuiGrid-item css-13i4rnv-MuiGrid-root"
            >
              <svg
                aria-hidden={true}
                className="MuiSvgIcon-root MuiSvgIcon-fontSizeMedium makeStyles-innerIcon-13 css-i4bv87-MuiSvgIcon-root"
                focusable="false"
                viewBox="0 0 24 24"
              >
                locPad.svg
              </svg>
            </div>
            <div
              className="MuiGrid-root MuiGrid-item css-13i4rnv-MuiGrid-root"
            >
              <span
                className="MuiTypography-root MuiTypography-caption css-1sn4lm3-MuiTypography-root"
              >
                E Marredpally, Secunderabad
              </span>
            </div>
          </div>
        </div>
        <div
          className="MuiGrid-root MuiGrid-item css-13i4rnv-MuiGrid-root"
        >
          <div
            className="MuiGrid-root MuiGrid-container css-11lq3yg-MuiGrid-root"
          >
            <div
              className="MuiGrid-root MuiGrid-item css-13i4rnv-MuiGrid-root"
            >
              <div
                className="MuiGrid-root MuiGrid-container MuiGrid-direction-xs-column makeStyles-container10-16 css-1vpwcmr-MuiGrid-root"
              >
                <div
                  className="MuiGrid-root MuiGrid-item makeStyles-dotContainer-17 css-13i4rnv-MuiGrid-root"
                >
                  <img
                    alt="Icon"
                    data-testid="icon"
                    src="eclipse.png"
                  />
                </div>
                <div
                  className="MuiGrid-root MuiGrid-item makeStyles-dotContainer-17 css-13i4rnv-MuiGrid-root"
                >
                  <img
                    alt="Icon"
                    data-testid="icon"
                    src="eclipse.png"
                  />
                </div>
                <div
                  className="MuiGrid-root MuiGrid-item makeStyles-dotContainer-17 css-13i4rnv-MuiGrid-root"
                >
                  <img
                    alt="Icon"
                    data-testid="icon"
                    src="eclipse.png"
                  />
                </div>
              </div>
            </div>
            <div
              className="MuiGrid-root MuiGrid-item makeStyles-swap-14 css-13i4rnv-MuiGrid-root"
            >
              <img
                alt="Icon"
                data-testid="icon"
                src="swap.png"
              />
            </div>
          </div>
        </div>
        <div
          className="MuiGrid-root MuiGrid-item css-13i4rnv-MuiGrid-root"
        >
          <div
            className="MuiGrid-root MuiGrid-container makeStyles-container7-11 css-11lq3yg-MuiGrid-root"
          >
            <div
              className="MuiGrid-root MuiGrid-item css-13i4rnv-MuiGrid-root"
            >
              <svg
                aria-hidden={true}
                className="MuiSvgIcon-root MuiSvgIcon-fontSizeMedium css-i4bv87-MuiSvgIcon-root"
                focusable="false"
                viewBox="0 0 24 24"
              >
                locationIconOrange.svg
              </svg>
            </div>
            <div
              className="MuiGrid-root MuiGrid-item makeStyles-container8-12 css-13i4rnv-MuiGrid-root"
            >
              <span
                className="MuiTypography-root MuiTypography-caption css-1sn4lm3-MuiTypography-root"
              >
                Hitech City, Telanagana, Hyderabad.
              </span>
            </div>
          </div>
        </div>
      </div>
    </div>
  </div>
  <div
    className="MuiGrid-root MuiGrid-item css-13i4rnv-MuiGrid-root"
  >
    <div
      className="MuiGrid-root MuiGrid-container makeStyles-iconContainer-4 css-11lq3yg-MuiGrid-root"
    >
      <div
        className="MuiGrid-root MuiGrid-item css-13i4rnv-MuiGrid-root"
      >
        <div>
          <svg
            aria-hidden={true}
            className="MuiSvgIcon-root MuiSvgIcon-fontSizeMedium makeStyles-iconAlignment-8 css-i4bv87-MuiSvgIcon-root"
            focusable="false"
            viewBox="0 0 24 24"
          >
            scootyIcon.svg
          </svg>
        </div>
      </div>
      <div
        className="MuiGrid-root MuiGrid-item css-13i4rnv-MuiGrid-root"
      >
        <div
          className="makeStyles-container4-6"
        >
          <svg
            aria-hidden={true}
            className="MuiSvgIcon-root MuiSvgIcon-fontSizeMedium makeStyles-iconAlignment-8 css-i4bv87-MuiSvgIcon-root"
            focusable="false"
            onClick={[Function]}
            viewBox="0 0 24 24"
          >
            busIconWhite.svg
          </svg>
        </div>
      </div>
      <div
        className="MuiGrid-root MuiGrid-item css-13i4rnv-MuiGrid-root"
      >
        <div>
          <svg
            aria-hidden={true}
            className="MuiSvgIcon-root MuiSvgIcon-fontSizeMedium makeStyles-iconAlignment-8 css-i4bv87-MuiSvgIcon-root"
            focusable="false"
            onClick={[Function]}
            viewBox="0 0 24 24"
          >
            cabIcon.svg
          </svg>
        </div>
      </div>
      <div
        className="MuiGrid-root MuiGrid-item css-13i4rnv-MuiGrid-root"
      >
        <div>
          <svg
            aria-hidden={true}
            className="MuiSvgIcon-root MuiSvgIcon-fontSizeMedium makeStyles-iconAlignment-8 css-i4bv87-MuiSvgIcon-root"
            focusable="false"
            viewBox="0 0 24 24"
          >
            metroIcon.svg
          </svg>
        </div>
      </div>
    </div>
  </div>
</div>
`;
